// Jest Snapshot v1, https://goo.gl/fbAQLP

exports[`<Table /> test Test snapshots of content 1`] = `
<div>
  <h2>
    Meter Readings
  </h2>
  <table>
    <tbody>
      <tr>
        <th>
          Date
        </th>
        <th>
          Reading
        </th>
        <th>
          Unit
        </th>
      </tr>
      <tr
        key="2017-03-31T00:00:00.000Z"
      >
        <td>
          2017-03-31
        </td>
        <td>
          17600
        </td>
        <td>
          kWh
        </td>
      </tr>
      <tr
        key="2017-04-30T00:00:00.000Z"
      >
        <td>
          2017-04-30
        </td>
        <td>
          17859
        </td>
        <td>
          kWh
        </td>
      </tr>
      <tr
        key="2017-05-31T00:00:00.000Z"
      >
        <td>
          2017-05-31
        </td>
        <td>
          18102
        </td>
        <td>
          kWh
        </td>
      </tr>
      <tr
        key="2017-06-30T00:00:00.000Z"
      >
        <td>
          2017-06-30
        </td>
        <td>
          18290
        </td>
        <td>
          kWh
        </td>
      </tr>
      <tr
        key="2017-07-31T00:00:00.000Z"
      >
        <td>
          2017-07-31
        </td>
        <td>
          18453
        </td>
        <td>
          kWh
        </td>
      </tr>
      <tr
        key="2017-08-31T00:00:00.000Z"
      >
        <td>
          2017-08-31
        </td>
        <td>
          18620
        </td>
        <td>
          kWh
        </td>
      </tr>
      <tr
        key="2017-09-30T00:00:00.000Z"
      >
        <td>
          2017-09-30
        </td>
        <td>
          18782
        </td>
        <td>
          kWh
        </td>
      </tr>
      <tr
        key="2017-10-31T00:00:00.000Z"
      >
        <td>
          2017-10-31
        </td>
        <td>
          18965
        </td>
        <td>
          kWh
        </td>
      </tr>
      <tr
        key="2017-11-30T00:00:00.000Z"
      >
        <td>
          2017-11-30
        </td>
        <td>
          19230
        </td>
        <td>
          kWh
        </td>
      </tr>
      <tr
        key="2017-12-31T00:00:00.000Z"
      >
        <td>
          2017-12-31
        </td>
        <td>
          19517
        </td>
        <td>
          kWh
        </td>
      </tr>
      <tr
        key="2018-01-31T00:00:00.000Z"
      >
        <td>
          2018-01-31
        </td>
        <td>
          19827
        </td>
        <td>
          kWh
        </td>
      </tr>
      <tr
        key="2018-02-28T00:00:00.000Z"
      >
        <td>
          2018-02-28
        </td>
        <td>
          20113
        </td>
        <td>
          kWh
        </td>
      </tr>
      <tr
        key="2018-03-31T00:00:00.000Z"
      >
        <td>
          2018-03-31
        </td>
        <td>
          20376
        </td>
        <td>
          kWh
        </td>
      </tr>
      <tr
        key="2018-04-30T00:00:00.000Z"
      >
        <td>
          2018-04-30
        </td>
        <td>
          20610
        </td>
        <td>
          kWh
        </td>
      </tr>
    </tbody>
  </table>
</div>
`;
